Testing lambda lifecycle stress scenarios...
=== Test 1: Rapid lambda lifecycle ===
Executing 15 tasks...
Task 0 result: 0
Task 1 result: 10
Task 2 result: 22
Task 3 result: 66
Task 4 result: 44
Task 5 result: 250
Task 6 result: 54
Task 7 result: 154
Task 8 result: 88
Task 9 result: 810
Task 10 result: 90
Task 11 result: 242
Task 12 result: 132
Task 13 result: 1690
Task 14 result: 126
All tasks completed
=== Mass lambda creation test ===
Worker 0 result: 5
Worker 1 result: 11
Worker 2 result: 17
Worker 3 result: 23
Worker 4 result: 29
Worker 5 result: 35
Worker 6 result: 41
Worker 7 result: 47
Worker 8 result: 53
Worker 9 result: 59
=== Lambda chaining test ===
Chain results: 25, 50, 45, 15
=== Test 4: Repeated factory usage ===
Round 0:
Executing 5 tasks...
Task 0 result: 0
Task 1 result: 10
Task 2 result: 22
Task 3 result: 66
Task 4 result: 44
All tasks completed
Round 1:
Executing 5 tasks...
Task 0 result: 0
Task 1 result: 10
Task 2 result: 22
Task 3 result: 66
Task 4 result: 44
All tasks completed
Round 2:
Executing 5 tasks...
Task 0 result: 0
Task 1 result: 10
Task 2 result: 22
Task 3 result: 66
Task 4 result: 44
All tasks completed
=== Test 5: Memory pressure simulation ===
BigArray[0] result: 0
BigArray[5] result: 45
BigArray[10] result: 70
BigArray[15] result: 75
BigArray[20] result: 200
BigArray[25] result: 200
BigArray[30] result: 180
BigArray[35] result: 140
BigArray[40] result: 360
BigArray[45] result: 315
Lambda stress test completed!