=== Lambda-to-Interface Implementation Tests ===

Testing basic lambda-to-interface conversion...
calc.add(5, 3) = 8
Basic lambda-to-interface conversion works!

Testing generic lambda-to-interface conversion...
test_processed = test_processed
Generic lambda-to-interface conversion works!

Testing lambda-to-interface with array return types...
Input: ['hello', 'world', 'test']
Output: ['hello_transformed', 'world_transformed', 'test_transformed']
Array return type interface works correctly!

Testing parameter validation...
Valid call succeeded: 3
Parameter validation allows valid calls!

Testing return type validation...
Return type validation passed: 10
Return type validation works correctly!

Testing closure capture...
Closure capture result: test_5
Closure capture works correctly!

Testing multiple method interface...
Multiple method interface result: 10
Multiple method interface handles primary method!

Testing error handling...
Error handling test passed: 5
Error handling maintains valid execution!

Testing lifecycle management...
Lifecycle test 0: 2
Lifecycle test 1: 3
Lifecycle test 2: 4
Lifecycle management test completed!

=== All Tests Completed ===