=== Lambda-Interface Memory Management Tests ===
=== Testing Nested Lambda Creation ===
Outer action executing
Inner processor called with: 5
Inner result: 10
=== Testing Lambda Immutability (Design Feature) ===
First lambda result: 11
Second lambda result: 30
Independent results: 6, 15
Lambda immutability enforced - no reassignment allowed
=== Testing Complex Variable Capture ===
Value: test
Value:
Validation results: true, false
=== Testing Lambda Lifecycle ===
Local processor result: 100
=== Testing Error Handling ===
Negative value detected: -5
Error handling results: 30, 0
=== Memory Management Tests Completed ===