Test 1: Create via outer class
OuterClass constructor
Creating StaticNested from outer
StaticNested constructor
StaticNested.display():
  nestedValue=30
  outer static=20

Test 2: Direct creation (no outer instance needed)
StaticNested constructor
StaticNested.display():
  nestedValue=30
  outer static=20

Test 3: Static method call
StaticNested.staticMethod()
  outer static=20
