Test 1: Create container
Container created: MyContainer

Test 2: Create iterator
Iterator created for container: MyContainer
Outer name: MyContainer
Outer value: 42
Position: 0

Test 3: Advance and display
Advanced to position: 1
Advanced to position: 2
Outer name: MyContainer
Outer value: 42
Position: 2
