Original: Toyota (2020)
Returned this: Toyota (2020)
After chaining: Ford (2018)
Built string: Hello World123
Complex chain result: Count: 42 items
After clear and reuse: New Content
Config URL: http://localhost:8080
Original after chain: Test (2023)
Chained result: Test (2023)
Nested chain URL: http://localhost:8080