staticMethodA: localVar = 111
staticMethodA: staticField = 555
staticMethodB: localVar = 222
staticMethodB: staticField = 555
staticMethodB: localVar = 222
staticMethodB: staticField = 555
instanceMethod: localVar = 333
instanceMethod: instanceField = 777
instanceMethod: staticField = 555
staticMethodA: localVar = 111
staticMethodA: staticField = 555
staticMethodB: localVar = 222
staticMethodB: staticField = 555