=== Uninitialized Slot Edge Cases Test ===
Test 1: Uninitialized class fields
intField: 0
floatField: 0
boolField: false
stringField: []
objectField: null
Test 1 PASS: Fields have correct defaults
Test 2: Sequential lambda creation
Test 2 PASS: Sequential lambdas capture correctly
Test 3: Forward reference in lambda
Test 3 PASS: Forward reference resolved correctly
Test 4: Mixed null and non-null captures
Test 4 PASS: Mixed captures work correctly
Test 5: Nested scope variables
Test 5 PASS: Nested scope capture works
=== Uninitialized Slot Edge Cases Test Complete ===
