Function chain result: Function
Chain result: Source
Chain result 2: Source
Chain result 3: Source
Complex modification chain X: Modified
Complex modification chain Y: Modified
Complex modification chain Z: Modified
Null propagation successful
Nested reassignment: Nested3
Nested reassignment 2: Nested3