Only default case - int
Only default case - string
Only default - zero value
Only default - negative
First statement in default
1998
Third statement in default
Default without break
Default in loop iteration
Default in loop iteration
Falling from default
100
Default for empty string
All only-default tests completed
