Execution Mode: Bytecode VM (Optimization: Release)


============================================================
APPLYING AST OPTIMIZATIONS (Release Mode)
============================================================

AST Statistics:
  Total nodes before: 19
  Total nodes after:  11
  Nodes removed:      8
  Reduction:          42.1%

Optimization Summary:
  Total Transformations: 4
  Total Time: 0 ms
  Status: Success

Pass Details:
  DeadCodeElimination:
    Transformations: 0
    Time: 0 ms
    Modified: No
  UnusedDeclarationElimination:
    Transformations: 4
    Time: 0 ms
    Modified: Yes

============================================================

Value at index 0: 10
Array optimization test complete!
