Execution Mode: Bytecode VM (Optimization: Release)


============================================================
APPLYING AST OPTIMIZATIONS (Release Mode)
============================================================

AST Statistics:
  Total nodes before: 14
  Total nodes after:  8
  Nodes removed:      6
  Reduction:          42.9%

Optimization Summary:
  Total Transformations: 4
  Total Time: 0 ms
  Status: Success

Pass Details:
  DeadCodeElimination:
    Transformations: 2
    Time: 0 ms
    Modified: Yes
  UnusedDeclarationElimination:
    Transformations: 2
    Time: 0 ms
    Modified: Yes

============================================================

Error: Error at <unknown>:1:1: Runtime error: Function not found: test
Error at <unknown>:1:1: Runtime error: Function not found: test
