Execution Mode: Bytecode VM (Optimization: Release)


============================================================
APPLYING AST OPTIMIZATIONS (Release Mode)
============================================================

AST Statistics:
  Total nodes before: 13
[UDE] ===== Starting Unused Declaration Elimination Pass =====
[UDE] Analyzing ProgramNode with 1 statements
[UDE] Marking function as USED: print
[UDE] After Phase 1a - Used functions: 1
[UDE]   - print
[UDE] After Phase 1a - Used classes: 0
[UDE] Phase 1b: Analyzing used declarations recursively...
[UDE] Iteration 1...
[UDE] Declared functions: 0
[UDE] Used functions: 1
[UDE]   - print
[UDE] Declared classes: 0
[UDE] Used classes: 0
[UDE] Called method names: 0
[UDE] Declared methods: 0
[UDE] Used methods: 0
[UDE] Phase 2a: Optimizing imported ASTs...
[UDE] Phase 2b: Removing unused declarations from main AST...

[UDE] ===== OPTIMIZATION SUMMARY =====
[UDE] Removed 0 unused functions
[UDE] Removed 0 unused classes
[UDE] Removed 0 unused interfaces
[UDE] Removed 0 unused variables
[UDE] Removed 0 unused methods
[UDE] Total declarations removed: 0
[UDE] ===== Unused Declaration Elimination Pass Complete =====

  Total nodes after:  11
  Nodes removed:      2
  Reduction:          15.4%

Optimization Summary:
  Total Transformations: 2
  Total Time: 0 ms
  Status: Success

Pass Details:
  DeadCodeElimination:
    Transformations: 2
    Time: 0 ms
    Modified: Yes
  UnusedDeclarationElimination:
    Transformations: 0
    Time: 0 ms
    Modified: No

============================================================

0
1
2
