Execution Mode: Bytecode VM (Optimization: Release)


============================================================
APPLYING AST OPTIMIZATIONS (Release Mode)
============================================================

AST Statistics:
  Total nodes before: 152
[UDE] ===== Starting Unused Declaration Elimination Pass =====
[UDE] Analyzing ProgramNode with 24 statements
[UDE] Found ImportNode: ../../lib/exceptions/Exception.mt (type: wildcard)
[UDE] Analyzing imported AST from: ../../lib/exceptions/Exception.mt
[UDE] Analyzing ProgramNode with 1 statements
[UDE] Declaring class: Exception (PUBLIC)
[UDE] Declaring method: Exception::getMessage (INSTANCE) (PUBLIC)
[UDE] Declaring method: Exception::getStackTrace (INSTANCE) (PUBLIC)
[UDE] Declaring method: Exception::setStackTrace (INSTANCE) (PUBLIC)
[UDE] Declaring method: Exception::toString (INSTANCE) (PUBLIC)
[UDE]   Special method always kept: Exception::toString
[UDE] Declaring function: testFinallyWithReturn (PUBLIC)
[UDE] Declaring function: testFinallyWithThrow (PUBLIC)
[UDE] Declaring function: testNestedTryFinally (PUBLIC)
[UDE] Declaring function: testFinallyOverridesTryReturn (PUBLIC)
[UDE] Declaring function: testFinallyOverridesCatchReturn (PUBLIC)
[UDE] Declaring function: testFinallyWithBreak (PUBLIC)
[UDE] Declaring function: testFinallyWithContinue (PUBLIC)
[UDE] Declaring function: testFinallyWithoutReturn (PUBLIC)
[UDE] Marking function as USED: print
[UDE] Marking function as USED: testFinallyWithReturn
[UDE] Marking function as USED: print
[UDE] Marking function as USED: testFinallyWithThrow
[UDE] Marking function as USED: print
[UDE] Marking function as USED: testNestedTryFinally
[UDE] Marking function as USED: print
[UDE] Marking function as USED: testFinallyOverridesTryReturn
[UDE] Marking function as USED: print
[UDE] Marking function as USED: testFinallyOverridesCatchReturn
[UDE] Marking function as USED: print
[UDE] Marking function as USED: testFinallyWithBreak
[UDE] Marking function as USED: testFinallyWithContinue
[UDE] Marking function as USED: testFinallyWithoutReturn
[UDE] Marking function as USED: print
[UDE] Marking function as USED: print
[UDE] After Phase 1a - Used functions: 9
[UDE]   - testFinallyWithThrow
[UDE]   - print
[UDE]   - testFinallyOverridesCatchReturn
[UDE]   - testFinallyWithReturn
[UDE]   - testNestedTryFinally
[UDE]   - testFinallyOverridesTryReturn
[UDE]   - testFinallyWithBreak
[UDE]   - testFinallyWithContinue
[UDE]   - testFinallyWithoutReturn
[UDE] After Phase 1a - Used classes: 0
[UDE] Phase 1b: Analyzing used declarations recursively...
[UDE] Iteration 1...
[UDE] Analyzing used declarations in import: ../../lib/exceptions/Exception.mt
[UDE] Analyzing body of used function: testFinallyWithReturn
[UDE] Marking function as USED: print
[UDE] Marking function as USED: print
[UDE] Marking function as USED: print
[UDE] Marking function as USED: print
[UDE] Analyzing body of used function: testFinallyWithThrow
[UDE] Marking function as USED: print
[UDE] Marking function as USED: print
[UDE] Marking function as USED: print
[UDE] Marking class as USED: Exception
[UDE] Analyzing body of used function: testNestedTryFinally
[UDE] Marking function as USED: print
[UDE] Marking function as USED: print
[UDE] Marking function as USED: print
[UDE] Marking function as USED: print
[UDE] Marking function as USED: print
[UDE] Analyzing body of used function: testFinallyOverridesTryReturn
[UDE] Marking function as USED: print
[UDE] Marking function as USED: print
[UDE] Marking function as USED: print
[UDE] Analyzing body of used function: testFinallyOverridesCatchReturn
[UDE] Marking function as USED: print
[UDE] Marking class as USED: Exception
[UDE] Marking function as USED: print
[UDE] Marking function as USED: print
[UDE] Marking function as USED: print
[UDE] Analyzing body of used function: testFinallyWithBreak
[UDE] Marking function as USED: print
[UDE] Marking class as USED: Exception
[UDE] Marking function as USED: print
[UDE] Marking function as USED: print
[UDE] Marking function as USED: print
[UDE] Analyzing body of used function: testFinallyWithContinue
[UDE] Marking function as USED: print
[UDE] Marking function as USED: print
[UDE] Marking function as USED: print
[UDE] Analyzing body of used function: testFinallyWithoutReturn
[UDE] Marking function as USED: print
[UDE] Marking function as USED: print
[UDE] Marking function as USED: print
[UDE] Marking function as USED: print
[UDE] Found new dependencies: 0 functions, 1 classes
[UDE] Iteration 2...
[UDE] Analyzing used declarations in import: ../../lib/exceptions/Exception.mt
[UDE] Analyzing fields and methods of used class: Exception
[UDE]   Marking method as used: Exception::toString
[UDE] Analyzing body of used function: testFinallyWithReturn
[UDE] Marking function as USED: print
[UDE] Marking function as USED: print
[UDE] Marking function as USED: print
[UDE] Marking function as USED: print
[UDE] Analyzing body of used function: testFinallyWithThrow
[UDE] Marking function as USED: print
[UDE] Marking function as USED: print
[UDE] Marking function as USED: print
[UDE] Marking class as USED: Exception
[UDE] Analyzing body of used function: testNestedTryFinally
[UDE] Marking function as USED: print
[UDE] Marking function as USED: print
[UDE] Marking function as USED: print
[UDE] Marking function as USED: print
[UDE] Marking function as USED: print
[UDE] Analyzing body of used function: testFinallyOverridesTryReturn
[UDE] Marking function as USED: print
[UDE] Marking function as USED: print
[UDE] Marking function as USED: print
[UDE] Analyzing body of used function: testFinallyOverridesCatchReturn
[UDE] Marking function as USED: print
[UDE] Marking class as USED: Exception
[UDE] Marking function as USED: print
[UDE] Marking function as USED: print
[UDE] Marking function as USED: print
[UDE] Analyzing body of used function: testFinallyWithBreak
[UDE] Marking function as USED: print
[UDE] Marking class as USED: Exception
[UDE] Marking function as USED: print
[UDE] Marking function as USED: print
[UDE] Marking function as USED: print
[UDE] Analyzing body of used function: testFinallyWithContinue
[UDE] Marking function as USED: print
[UDE] Marking function as USED: print
[UDE] Marking function as USED: print
[UDE] Analyzing body of used function: testFinallyWithoutReturn
[UDE] Marking function as USED: print
[UDE] Marking function as USED: print
[UDE] Marking function as USED: print
[UDE] Marking function as USED: print
[UDE] Declared functions: 8
[UDE]   - testFinallyOverridesCatchReturn
[UDE]   - testFinallyWithReturn
[UDE]   - testFinallyWithThrow
[UDE]   - testFinallyWithoutReturn
[UDE]   - testNestedTryFinally
[UDE]   - testFinallyOverridesTryReturn
[UDE]   - testFinallyWithBreak
[UDE]   - testFinallyWithContinue
[UDE] Used functions: 9
[UDE]   - testFinallyWithThrow
[UDE]   - print
[UDE]   - testFinallyOverridesCatchReturn
[UDE]   - testFinallyWithReturn
[UDE]   - testNestedTryFinally
[UDE]   - testFinallyOverridesTryReturn
[UDE]   - testFinallyWithBreak
[UDE]   - testFinallyWithContinue
[UDE]   - testFinallyWithoutReturn
[UDE] Declared classes: 1
[UDE]   - Exception
[UDE] Used classes: 1
[UDE]   - Exception
[UDE] Called method names: 0
[UDE] Declared methods: 4
[UDE]   - Exception::getMessage
[UDE]   - Exception::getStackTrace
[UDE]   - Exception::setStackTrace
[UDE]   - Exception::toString
[UDE] Used methods: 1
[UDE]   - Exception::toString
[UDE] Phase 2a: Optimizing imported ASTs...
[UDE] Optimizing import: ../../lib/exceptions/Exception.mt
[UDE] Optimizing imported AST in-place
[UDE] Removing unused method from import: Exception::getMessage
[UDE] Removing unused method from import: Exception::getStackTrace
[UDE] Removing unused method from import: Exception::setStackTrace
[UDE] Imported AST optimized successfully
[UDE] Phase 2b: Removing unused declarations from main AST...

[UDE] ===== OPTIMIZATION SUMMARY =====
[UDE] Removed 0 unused functions
[UDE] Removed 0 unused classes
[UDE] Removed 0 unused interfaces
[UDE] Removed 0 unused variables
[UDE] Removed 3 unused methods
[UDE] Total declarations removed: 3
[UDE] ===== Unused Declaration Elimination Pass Complete =====

  Total nodes after:  138
  Nodes removed:      14
  Reduction:          9.2%

Optimization Summary:
  Total Transformations: 17
  Total Time: 1 ms
  Status: Success

Pass Details:
  DeadCodeElimination:
    Transformations: 14
    Time: 0 ms
    Modified: Yes
  UnusedDeclarationElimination:
    Transformations: 3
    Time: 1 ms
    Modified: Yes

============================================================

=== Testing Finally Block Dead Code Elimination ===
Try block
Finally block
Result 1 (finally return): 30
Try block
Inner try
Inner finally
Result 3 (nested finally): 2
Try returns 100
Finally overrides with 200
Result 4 (finally overrides try): 200
Try throws
Catch returns 100
Finally overrides with 200
Result 5 (finally overrides catch): 200
Try iteration: 0
Dead after finally in loop
Try iteration: 1
Dead after finally in loop
Try iteration: 2
Catch iteration: 2
Dead after finally in loop
Try iteration: 3
Dead after finally in loop
Try iteration: 4
Dead after finally in loop
Try iteration: 0
Dead after finally in loop
Try iteration: 1
Dead after finally in loop
Try iteration: 2
Dead after finally in loop
Try block
Finally without return - this is reachable
Finally completes normally
Result 8 (finally without return): 42
Finally Block Dead Code Test Complete!
