Execution Mode: Bytecode VM (Optimization: Release)


============================================================
APPLYING AST OPTIMIZATIONS (Release Mode)
============================================================

AST Statistics:
  Total nodes before: 62
[UDE] ===== Starting Unused Declaration Elimination Pass =====
[UDE] Analyzing ProgramNode with 13 statements
[UDE] Declaring function: testIfReturn (PUBLIC)
[UDE] Declaring function: testNestedIf (PUBLIC)
[UDE] Declaring function: testIfWithoutElse (PUBLIC)
[UDE] Declaring function: testMultipleReturns (PUBLIC)
[UDE] Marking function as USED: testIfReturn
[UDE] Marking function as USED: print
[UDE] Marking function as USED: testNestedIf
[UDE] Marking function as USED: print
[UDE] Marking function as USED: testIfWithoutElse
[UDE] Marking function as USED: print
[UDE] Marking function as USED: testMultipleReturns
[UDE] Marking function as USED: print
[UDE] Marking function as USED: print
[UDE] After Phase 1a - Used functions: 5
[UDE]   - testMultipleReturns
[UDE]   - print
[UDE]   - testIfReturn
[UDE]   - testNestedIf
[UDE]   - testIfWithoutElse
[UDE] After Phase 1a - Used classes: 0
[UDE] Phase 1b: Analyzing used declarations recursively...
[UDE] Iteration 1...
[UDE] Analyzing body of used function: testIfReturn
[UDE] Marking function as USED: print
[UDE] Analyzing body of used function: testNestedIf
[UDE] Marking function as USED: print
[UDE] Analyzing body of used function: testIfWithoutElse
[UDE] Marking function as USED: print
[UDE] Analyzing body of used function: testMultipleReturns
[UDE] Marking function as USED: print
[UDE] Declared functions: 4
[UDE]   - testMultipleReturns
[UDE]   - testIfReturn
[UDE]   - testNestedIf
[UDE]   - testIfWithoutElse
[UDE] Used functions: 5
[UDE]   - testMultipleReturns
[UDE]   - print
[UDE]   - testIfReturn
[UDE]   - testNestedIf
[UDE]   - testIfWithoutElse
[UDE] Declared classes: 0
[UDE] Used classes: 0
[UDE] Called method names: 0
[UDE] Declared methods: 0
[UDE] Used methods: 0
[UDE] Phase 2a: Optimizing imported ASTs...
[UDE] Phase 2b: Removing unused declarations from main AST...

[UDE] ===== OPTIMIZATION SUMMARY =====
[UDE] Removed 0 unused functions
[UDE] Removed 0 unused classes
[UDE] Removed 0 unused interfaces
[UDE] Removed 0 unused variables
[UDE] Removed 0 unused methods
[UDE] Total declarations removed: 0
[UDE] ===== Unused Declaration Elimination Pass Complete =====

  Total nodes after:  55
  Nodes removed:      7
  Reduction:          11.3%

Optimization Summary:
  Total Transformations: 7
  Total Time: 0 ms
  Status: Success

Pass Details:
  DeadCodeElimination:
    Transformations: 7
    Time: 0 ms
    Modified: Yes
  UnusedDeclarationElimination:
    Transformations: 0
    Time: 0 ms
    Modified: No

============================================================

Result 1: 10
Result 2: 75
Reachable if x <= 0
Result 3: 5
Result 4: 0
If/Else Dead Code Test Complete!
