Execution Mode: Bytecode VM (Optimization: Release)


============================================================
APPLYING AST OPTIMIZATIONS (Release Mode)
============================================================

AST Statistics:
  Total nodes before: 152
  Total nodes after:  138
  Nodes removed:      14
  Reduction:          9.2%

Optimization Summary:
  Total Transformations: 17
  Total Time: 1 ms
  Status: Success

Pass Details:
  DeadCodeElimination:
    Transformations: 14
    Time: 0 ms
    Modified: Yes
  UnusedDeclarationElimination:
    Transformations: 3
    Time: 1 ms
    Modified: Yes

============================================================

=== Testing Finally Block Dead Code Elimination ===
Try block
Finally block
Result 1 (finally return): 30
Try block
Inner try
Inner finally
Result 3 (nested finally): 2
Try returns 100
Finally overrides with 200
Result 4 (finally overrides try): 200
Try throws
Catch returns 100
Finally overrides with 200
Result 5 (finally overrides catch): 200
Try iteration: 0
Dead after finally in loop
Try iteration: 1
Dead after finally in loop
Try iteration: 2
Catch iteration: 2
Dead after finally in loop
Try iteration: 3
Dead after finally in loop
Try iteration: 4
Dead after finally in loop
Try iteration: 0
Dead after finally in loop
Try iteration: 1
Dead after finally in loop
Try iteration: 2
Dead after finally in loop
Try block
Finally without return - this is reachable
Finally completes normally
Result 8 (finally without return): 42
Finally Block Dead Code Test Complete!
