Execution Mode: Bytecode VM (Optimization: Release)


============================================================
APPLYING AST OPTIMIZATIONS (Release Mode)
============================================================

AST Statistics:
  Total nodes before: 124
  Total nodes after:  104
  Nodes removed:      20
  Reduction:          16.1%

Optimization Summary:
  Total Transformations: 16
  Total Time: 1 ms
  Status: Success

Pass Details:
  DeadCodeElimination:
    Transformations: 11
    Time: 0 ms
    Modified: Yes
  UnusedDeclarationElimination:
    Transformations: 5
    Time: 1 ms
    Modified: Yes

============================================================

Caught exception
Result 1: error handled
Error: Error at <unknown>:1:1: Runtime error: Function not found: testCatchWithThrow
Error at <unknown>:1:1: Runtime error: Function not found: testCatchWithThrow
