Execution Mode: Bytecode VM (Optimization: Release)


============================================================
APPLYING AST OPTIMIZATIONS (Release Mode)
============================================================

AST Statistics:
  Total nodes before: 14
  Total nodes after:  12
  Nodes removed:      2
  Reduction:          14.3%

Optimization Summary:
  Total Transformations: 5
  Total Time: 0 ms
  Status: Success

Pass Details:
  DeadCodeElimination:
    Transformations: 2
    Time: 0 ms
    Modified: Yes
  UnusedDeclarationElimination:
    Transformations: 3
    Time: 0 ms
    Modified: Yes

============================================================

Before throw
Caught exception
