Execution Mode: Bytecode VM (Optimization: Release)


============================================================
APPLYING AST OPTIMIZATIONS (Release Mode)
============================================================

AST Statistics:
  Total nodes before: 124
[UDE] ===== Starting Unused Declaration Elimination Pass =====
[UDE] Analyzing ProgramNode with 18 statements
[UDE] Found ImportNode: ../../lib/exceptions/Exception.mt (type: wildcard)
[UDE] Analyzing imported AST from: ../../lib/exceptions/Exception.mt
[UDE] Analyzing ProgramNode with 1 statements
[UDE] Declaring class: Exception (PUBLIC)
[UDE] Declaring method: Exception::getMessage (INSTANCE) (PUBLIC)
[UDE] Declaring method: Exception::getStackTrace (INSTANCE) (PUBLIC)
[UDE] Declaring method: Exception::setStackTrace (INSTANCE) (PUBLIC)
[UDE] Declaring method: Exception::toString (INSTANCE) (PUBLIC)
[UDE]   Special method always kept: Exception::toString
[UDE] Found ImportNode: ../../lib/exceptions/NullPointerException.mt (type: wildcard)
[UDE] Analyzing imported AST from: ../../lib/exceptions/NullPointerException.mt
[UDE] Analyzing ProgramNode with 2 statements
[UDE] Found ImportNode: RuntimeException.mt (type: wildcard)
[UDE] Analyzing imported AST from: RuntimeException.mt
[UDE] Analyzing ProgramNode with 2 statements
[UDE] Found ImportNode: Exception.mt (type: wildcard)
[UDE] Analyzing imported AST from: Exception.mt
[UDE] Analyzing ProgramNode with 1 statements
[UDE] Declaring class: Exception (PUBLIC)
[UDE] Declaring method: Exception::getMessage (INSTANCE) (PUBLIC)
[UDE] Declaring method: Exception::getStackTrace (INSTANCE) (PUBLIC)
[UDE] Declaring method: Exception::setStackTrace (INSTANCE) (PUBLIC)
[UDE] Declaring method: Exception::toString (INSTANCE) (PUBLIC)
[UDE]   Special method always kept: Exception::toString
[UDE] Declaring class: RuntimeException (PUBLIC)
[UDE] Marking class as USED: Exception
[UDE] Declaring method: RuntimeException::toString (INSTANCE) (PUBLIC)
[UDE]   Special method always kept: RuntimeException::toString
[UDE] Declaring class: NullPointerException (PUBLIC)
[UDE] Marking class as USED: RuntimeException
[UDE] Declaring method: NullPointerException::toString (INSTANCE) (PUBLIC)
[UDE]   Special method always kept: NullPointerException::toString
[UDE] Declaring function: testCatchWithReturn (PUBLIC)
[UDE] Declaring function: testCatchWithThrow (PUBLIC)
[UDE] Declaring function: testNestedTryCatch (PUBLIC)
[UDE] Declaring function: testMultipleCatchBlocks (PUBLIC)
[UDE] Declaring function: testCatchWithBreak (PUBLIC)
[UDE] Declaring function: testCatchWithContinue (PUBLIC)
[UDE] Marking function as USED: testCatchWithReturn
[UDE] Marking function as USED: print
[UDE] Marking function as USED: testCatchWithThrow
[UDE] Marking function as USED: print
[UDE] Marking function as USED: testNestedTryCatch
[UDE] Marking function as USED: print
[UDE] Marking function as USED: testMultipleCatchBlocks
[UDE] Marking function as USED: print
[UDE] Marking function as USED: testCatchWithBreak
[UDE] Marking function as USED: testCatchWithContinue
[UDE] Marking function as USED: print
[UDE] After Phase 1a - Used functions: 7
[UDE]   - testCatchWithReturn
[UDE]   - print
[UDE]   - testCatchWithThrow
[UDE]   - testMultipleCatchBlocks
[UDE]   - testNestedTryCatch
[UDE]   - testCatchWithBreak
[UDE]   - testCatchWithContinue
[UDE] After Phase 1a - Used classes: 2
[UDE]   - Exception
[UDE]   - RuntimeException
[UDE] Phase 1b: Analyzing used declarations recursively...
[UDE] Iteration 1...
[UDE] Analyzing used declarations in import: ../../lib/exceptions/Exception.mt
[UDE] Analyzing fields and methods of used class: Exception
[UDE]   Marking method as used: Exception::toString
[UDE] Analyzing used declarations in import: ../../lib/exceptions/NullPointerException.mt
[UDE] Analyzing used declarations in import: RuntimeException.mt
[UDE] Analyzing used declarations in import: Exception.mt
[UDE] Analyzing fields and methods of used class: Exception
[UDE]   Marking method as used: Exception::toString
[UDE] Analyzing fields and methods of used class: RuntimeException
[UDE]   Marking method as used: RuntimeException::toString
[UDE] Analyzing body of used function: testCatchWithReturn
[UDE] Marking class as USED: Exception
[UDE] Marking function as USED: print
[UDE] Marking function as USED: print
[UDE] Analyzing body of used function: testCatchWithThrow
[UDE] Marking class as USED: Exception
[UDE] Marking function as USED: print
[UDE] Analyzing body of used function: testNestedTryCatch
[UDE] Marking class as USED: Exception
[UDE] Marking function as USED: print
[UDE] Marking function as USED: print
[UDE] Marking function as USED: print
[UDE] Marking function as USED: print
[UDE] Analyzing body of used function: testMultipleCatchBlocks
[UDE] Marking class as USED: NullPointerException
[UDE] Marking class as USED: Exception
[UDE] Marking function as USED: print
[UDE] Marking function as USED: print
[UDE] Marking function as USED: print
[UDE] Analyzing body of used function: testCatchWithBreak
[UDE] Marking class as USED: Exception
[UDE] Marking function as USED: print
[UDE] Marking function as USED: print
[UDE] Analyzing body of used function: testCatchWithContinue
[UDE] Marking class as USED: Exception
[UDE] Marking function as USED: print
[UDE] Marking function as USED: print
[UDE] Marking function as USED: print
[UDE] Found new dependencies: 0 functions, 1 classes
[UDE] Iteration 2...
[UDE] Analyzing used declarations in import: ../../lib/exceptions/Exception.mt
[UDE] Analyzing fields and methods of used class: Exception
[UDE]   Marking method as used: Exception::toString
[UDE] Analyzing used declarations in import: ../../lib/exceptions/NullPointerException.mt
[UDE] Analyzing used declarations in import: RuntimeException.mt
[UDE] Analyzing used declarations in import: Exception.mt
[UDE] Analyzing fields and methods of used class: Exception
[UDE]   Marking method as used: Exception::toString
[UDE] Analyzing fields and methods of used class: RuntimeException
[UDE]   Marking method as used: RuntimeException::toString
[UDE] Analyzing fields and methods of used class: NullPointerException
[UDE]   Marking method as used: NullPointerException::toString
[UDE] Analyzing body of used function: testCatchWithReturn
[UDE] Marking class as USED: Exception
[UDE] Marking function as USED: print
[UDE] Marking function as USED: print
[UDE] Analyzing body of used function: testCatchWithThrow
[UDE] Marking class as USED: Exception
[UDE] Marking function as USED: print
[UDE] Analyzing body of used function: testNestedTryCatch
[UDE] Marking class as USED: Exception
[UDE] Marking function as USED: print
[UDE] Marking function as USED: print
[UDE] Marking function as USED: print
[UDE] Marking function as USED: print
[UDE] Analyzing body of used function: testMultipleCatchBlocks
[UDE] Marking class as USED: NullPointerException
[UDE] Marking class as USED: Exception
[UDE] Marking function as USED: print
[UDE] Marking function as USED: print
[UDE] Marking function as USED: print
[UDE] Analyzing body of used function: testCatchWithBreak
[UDE] Marking class as USED: Exception
[UDE] Marking function as USED: print
[UDE] Marking function as USED: print
[UDE] Analyzing body of used function: testCatchWithContinue
[UDE] Marking class as USED: Exception
[UDE] Marking function as USED: print
[UDE] Marking function as USED: print
[UDE] Marking function as USED: print
[UDE] Declared functions: 6
[UDE]   - testCatchWithReturn
[UDE]   - testCatchWithThrow
[UDE]   - testMultipleCatchBlocks
[UDE]   - testNestedTryCatch
[UDE]   - testCatchWithBreak
[UDE]   - testCatchWithContinue
[UDE] Used functions: 7
[UDE]   - testCatchWithReturn
[UDE]   - print
[UDE]   - testCatchWithThrow
[UDE]   - testMultipleCatchBlocks
[UDE]   - testNestedTryCatch
[UDE]   - testCatchWithBreak
[UDE]   - testCatchWithContinue
[UDE] Declared classes: 3
[UDE]   - NullPointerException
[UDE]   - Exception
[UDE]   - RuntimeException
[UDE] Used classes: 3
[UDE]   - NullPointerException
[UDE]   - Exception
[UDE]   - RuntimeException
[UDE] Called method names: 0
[UDE] Declared methods: 6
[UDE]   - Exception::getMessage
[UDE]   - Exception::getStackTrace
[UDE]   - Exception::setStackTrace
[UDE]   - NullPointerException::toString
[UDE]   - Exception::toString
[UDE]   - RuntimeException::toString
[UDE] Used methods: 3
[UDE]   - NullPointerException::toString
[UDE]   - Exception::toString
[UDE]   - RuntimeException::toString
[UDE] Phase 2a: Optimizing imported ASTs...
[UDE] Optimizing import: ../../lib/exceptions/Exception.mt
[UDE] Optimizing imported AST in-place
[UDE] Removing unused method from import: Exception::getMessage
[UDE] Removing unused method from import: Exception::getStackTrace
[UDE] Removing unused method from import: Exception::setStackTrace
[UDE] Imported AST optimized successfully
[UDE] Optimizing import: ../../lib/exceptions/NullPointerException.mt
[UDE] Optimizing imported AST in-place
[UDE] Found nested import: RuntimeException.mt
[UDE] Optimizing imported AST in-place
[UDE] Found nested import: Exception.mt
[UDE] Imported AST already optimized, skipping
[UDE] Imported AST optimized successfully
[UDE] Imported AST optimized successfully
[UDE] Phase 2b: Removing unused declarations from main AST...

[UDE] ===== OPTIMIZATION SUMMARY =====
[UDE] Removed 0 unused functions
[UDE] Removed 0 unused classes
[UDE] Removed 0 unused interfaces
[UDE] Removed 0 unused variables
[UDE] Removed 3 unused methods
[UDE] Total declarations removed: 3
[UDE] ===== Unused Declaration Elimination Pass Complete =====

  Total nodes after:  113
  Nodes removed:      11
  Reduction:          8.9%

Optimization Summary:
  Total Transformations: 14
  Total Time: 1 ms
  Status: Success

Pass Details:
  DeadCodeElimination:
    Transformations: 11
    Time: 0 ms
    Modified: Yes
  UnusedDeclarationElimination:
    Transformations: 3
    Time: 1 ms
    Modified: Yes

============================================================

Caught exception
Result 1: error handled
Rethrowing exception
Caught rethrown exception
Inner catch
Result 3: 42
Caught NullPointerException
Result 4: null error
Loop iteration: 0
Loop iteration: 1
Breaking from catch
Continuing from catch
No exception for i=1
After catch for i=1
Continuing from catch
No exception for i=3
After catch for i=3
Continuing from catch
Catch Block Dead Code Test Complete!
