Execution Mode: Bytecode VM (Optimization: Release)


============================================================
APPLYING AST OPTIMIZATIONS (Release Mode)
============================================================

AST Statistics:
  Total nodes before: 4
  Total nodes after:  1
  Nodes removed:      3
  Reduction:          75.0%

Optimization Summary:
  Total Transformations: 3
  Total Time: 0 ms
  Status: Success

Pass Details:
  DeadCodeElimination:
    Transformations: 0
    Time: 0 ms
    Modified: No
  UnusedDeclarationElimination:
    Transformations: 3
    Time: 0 ms
    Modified: Yes

============================================================

