Execution Mode: Bytecode VM (Optimization: Release)


============================================================
APPLYING AST OPTIMIZATIONS (Release Mode)
============================================================

AST Statistics:
  Total nodes before: 13
  Total nodes after:  9
  Nodes removed:      4
  Reduction:          30.8%

Optimization Summary:
  Total Transformations: 5
  Total Time: 0 ms
  Status: Success

Pass Details:
  DeadCodeElimination:
    Transformations: 0
    Time: 0 ms
    Modified: No
  UnusedDeclarationElimination:
    Transformations: 5
    Time: 0 ms
    Modified: Yes

============================================================

Result: 15
Calculator(value=10)
