Execution Mode: Bytecode VM (Optimization: Release)


============================================================
APPLYING AST OPTIMIZATIONS (Release Mode)
============================================================

AST Statistics:
  Total nodes before: 13
[UDE] ===== Starting Unused Declaration Elimination Pass =====
[UDE] Analyzing ProgramNode with 5 statements
[UDE] Declaring class: Calculator (PUBLIC)
[UDE] Declaring method: Calculator::add (INSTANCE) (PUBLIC)
[UDE] Declaring method: Calculator::subtract (INSTANCE) (PUBLIC)
[UDE] Declaring method: Calculator::multiply (INSTANCE) (PUBLIC)
[UDE] Declaring method: Calculator::divide (INSTANCE) (PRIVATE)
[UDE] Declaring method: Calculator::toString (INSTANCE) (PUBLIC)
[UDE]   Special method always kept: Calculator::toString
[UDE] Declaring class: UnusedHelper (PUBLIC)
[UDE] Declaring method: UnusedHelper::helpMe (INSTANCE) (PUBLIC)
[UDE] Declaring method: UnusedHelper::privateHelper (INSTANCE) (PRIVATE)
[UDE] Declaring function: testCalculator (PUBLIC)
[UDE] Declaring function: unusedFunction (PUBLIC)
[UDE] Marking function as USED: testCalculator
[UDE] After Phase 1a - Used functions: 1
[UDE]   - testCalculator
[UDE] After Phase 1a - Used classes: 0
[UDE] Phase 1b: Analyzing used declarations recursively...
[UDE] Iteration 1...
[UDE] Analyzing body of used function: testCalculator
[UDE] Marking class as USED: Calculator
[UDE] Found instance method call: add()
[UDE] Marking function as USED: print
[UDE] Marking function as USED: print
[UDE] Found instance method call: toString()
[UDE] Found new dependencies: 1 functions, 1 classes
[UDE] Iteration 2...
[UDE] Analyzing fields and methods of used class: Calculator
[UDE]   Marking method as used: Calculator::add
[UDE] Marking function as USED: print
[UDE]   Marking method as used: Calculator::toString
[UDE] Analyzing body of used function: testCalculator
[UDE] Marking class as USED: Calculator
[UDE] Found instance method call: add()
[UDE] Marking function as USED: print
[UDE] Marking function as USED: print
[UDE] Found instance method call: toString()
[UDE] Declared functions: 2
[UDE]   - testCalculator
[UDE]   - unusedFunction
[UDE] Used functions: 2
[UDE]   - testCalculator
[UDE]   - print
[UDE] Declared classes: 2
[UDE]   - Calculator
[UDE]   - UnusedHelper
[UDE] Used classes: 1
[UDE]   - Calculator
[UDE] Called method names: 2
[UDE]   - add()
[UDE]   - toString()
[UDE] Declared methods: 7
[UDE]   - Calculator::add
[UDE]   - Calculator::subtract
[UDE]   - Calculator::toString
[UDE]   - Calculator::multiply
[UDE]   - Calculator::divide
[UDE]   - UnusedHelper::helpMe
[UDE]   - UnusedHelper::privateHelper
[UDE] Used methods: 2
[UDE]   - Calculator::toString
[UDE]   - Calculator::add
[UDE] Phase 2a: Optimizing imported ASTs...
[UDE] Phase 2b: Removing unused declarations from main AST...
[UDE] Removing unused method: Calculator::subtract
[UDE] Removing unused method: Calculator::multiply
[UDE] Removing unused method: Calculator::divide
[UDE] Removing unused class: UnusedHelper
[UDE] Removing unused function: unusedFunction

[UDE] ===== OPTIMIZATION SUMMARY =====
[UDE] Removed 1 unused functions
[UDE] Removed 1 unused classes
[UDE] Removed 0 unused interfaces
[UDE] Removed 0 unused variables
[UDE] Removed 3 unused methods
[UDE] Total declarations removed: 5
[UDE] ===== Unused Declaration Elimination Pass Complete =====

  Total nodes after:  9
  Nodes removed:      4
  Reduction:          30.8%

Optimization Summary:
  Total Transformations: 5
  Total Time: 0 ms
  Status: Success

Pass Details:
  DeadCodeElimination:
    Transformations: 0
    Time: 0 ms
    Modified: No
  UnusedDeclarationElimination:
    Transformations: 5
    Time: 0 ms
    Modified: Yes

============================================================

Result: 15
Calculator(value=10)
