Testing generic method with int:
Caught int method exception: Validation failed
Invalid value: -5
Testing generic method with string:
Caught string method exception: Validation failed
Invalid value: []
Testing generic method success:
Validated value: 10
Testing instance generic method:
Converted value: 10
Generic method exception test passed!
