Test 1: Downcast imported Vehicle to SportsCar
SportsCar roaring: Tesla Roadster (top speed: 250 mph)
Top speed: 250 mph
Test 2: Cast to ElectricCar from extended module
ElectricCar silent start: Rivian (135 kWh)
Battery: 135 kWh
Doors: 4
Test 3: Multiple extended type casts
Truck starting: Volvo (payload: 20 tons)
Payload capacity: 20 tons
Test 4: Upcast ElectricCar to Vehicle
Brand: Nissan Leaf
ElectricCar silent start: Nissan Leaf (62 kWh)
Test 5: Array with cross-module types
Vehicle 0:
  Car - Doors: 4
Vehicle 1:
  SportsCar - Speed: 220
Vehicle 2:
  ElectricCar - Battery: 100 kWh
Vehicle 3:
  Truck - Payload: 3 tons
Test 6: Chain casting
Final battery capacity: 78 kWh
