Test 1: Cross-module inheritance casting
ElectricCar silent start: BMW i4 (80 kWh)
Battery: 80 kWh
Doors: 4
Brand: BMW i4
Test 2: Multi-level cross-module casting
ElectricCar silent start: Audi e-tron (95 kWh)
After upcast brand: Audi e-tron
After downcast doors: 4
Test 3: Casting with selective imports
Selective import cast - Brand: Mercedes
Test 4: Mixed qualification styles
Brand after mixed cast: Kenworth
Truck payload: 25 tons
Test 5: Cross-module array casting
Index 0:
  Type: Vehicle
  Brand: Generic
Index 1:
  Type: Car
  Doors: 4
Index 2:
  Type: SportsCar
  Speed: 194 mph
Index 3:
  Type: ElectricCar
  Battery: 118 kWh
Index 4:
  Type: Truck
  Payload: 5 tons
Test 6: Function parameter cross-module casting
Processing ElectricCar: Porsche Taycan (93 kWh)
Processing Truck: Peterbilt (30 tons)
Processing Vehicle: Nissan
