=== Massive String Creation Stress Test ===
Created 100 strings with repeated patterns
First few: common_pattern_1, common_pattern_1, common_pattern_1
Middle: unique_50, unique_51, unique_52
End: common_pattern_1, common_pattern_1, common_pattern_1
Pattern matches found: 0
Massive string creation test completed
=== String Concatenation Stress Test ===
Built long string through concatenation:
Result length: 54
Result starts with: base_0_1_2_3_4_5_6_7_8_9_10_11_12_13_14_15_16_17_18_19...
Repeated concatenation patterns match correctly
String concatenation stress test completed
=== Recursive String Operations Test ===
Recursive string building:
Result 1: base_1_2_3_4_5_6_7_8_9_10
Result 2: base_1_2_3_4_5_6_7_8_9_10
Results match: true
Recursive string operations produce consistent results
Recursive string operations test completed
=== String Pool with Loops Test ===
Diagonal case: loop_0_0=diagonal_0
Diagonal case: loop_1_1=diagonal_1
Diagonal case: loop_2_2=diagonal_2
Diagonal case: loop_3_3=diagonal_3
Diagonal case: loop_4_4=diagonal_4
Loop results sample:
iteration_0, iteration_5, iteration_9
String pool with loops test completed
=== String Comparison Performance Test ===
Comparison performance test results:
Total comparisons: 1225
Equal pairs found: 300
String comparison performance test completed
=== Edge Case Strings Test ===
Edge case string testing:
Empty: '' (length: 0)
Space: ' ' (length: 1)
Mixed: 'a	b
c"d\e'
Numbers: '1234567890'
Symbols: '!@#$%^&*()'
Edge case string pooling works correctly
Edge case strings test completed
=== String Pool Memory Behavior Test ===
Result from temporary strings: temporary_string_0
Persistent strings created: persistent_0...persistent_9
String pool memory behavior test completed
=== String Pool Stress Test Suite Completed ===