=== String Pool Deduplication Test ===
Created three variables with same string content:
str1: common_string
str2: common_string
str3: common_string
String equality comparison works correctly
=== Keyword and Operator Pooling Test ===
Testing keyword pooling:
Original: class, function
Duplicates: class, function
Keyword pooling works correctly
=== String Literal Pooling Test ===
Testing string literal pooling with various lengths:
Empty: '' == '': true
Single: 'a' == 'a': true
Short: 'hi' == 'hi': true
Medium: 'hello world' == 'hello world': true
String literal pooling works correctly
=== String Concatenation Pooling Test ===
Testing concatenation results:
concat1: base_suffix
concat2: base_suffix
concat3: base_suffix
String concatenation pooling works correctly
=== Common Identifier Pattern Test ===
Common identifier patterns created:
Core identifiers: value, result, data
Array values: value_0, value_1, value_2
Common identifier pooling works correctly
=== String Pool Size Limits Test ===
Testing pool size limits:
Very short: 'x'
Exactly min: 'ab'
Normal: 'normal_string'
Very long length: 904
Normal string pooling works
Very long string comparison: true
=== String Pool with Classes Test ===
Class-based string pooling test:
obj1: UserService.getName(username)
obj2: UserService.setName(username)
obj3: DataService.getName(datafield)
Class field string pooling completed
=== String Pool Efficiency Test Suite Completed ===