Testing arrays of generic types
Box array created with 3 elements
intBoxes[0] value: 10
intBoxes[1] value: 20
intBoxes[2] value: 30
ArrayList array created with 2 elements
stringArrayLists[0] size: 2
stringArrayLists[1] size: 2
stringArrayLists[0][0]: Hello
stringArrayLists[1][0]: Foo
Nested box value: 42
Array of generic types test completed
