=== Nested Concurrency Test ===
Outer async starting
Middle async starting
Inner async 1
Inner async 2
Inner 1 resolved: 10
Inner 2 resolved: 20
Middle sum: 30
Middle async starting
Inner async 1
Inner async 2
Inner 1 resolved: 10
Inner 2 resolved: 20
Middle sum: 30
Middle 1 complete: 30
Middle 2 complete: 30
Outer total: 60
Final result: 60
