Testing collections with functions:
Processing numbers:
Number:1
Number:2
Number:3
Number:4
Number:5
Total sum:15
Processing names:
Name:Alice
Name:Bob
Name:Charlie
Name count:3
Processing grades:
Subject count:3
Grade:92
Grade:95
Grade:87
Has Math:true
Has English:false
Created array:
Value:10
Value:20
Value:30
Collections with functions test passed