Creating Computer Science Department:
Creating courses:
Enrolling students in Algorithms:
true
true
true
true
Enrolling students in Databases:
Adding courses to department:
Department overview:
Algorithms
4
Databases
3
Total students:
7
All students in Algorithms:
101
Alice
95.5
102
Bob
87.0
103
Charlie
92.5
104
Diana
88.5
Average grade in Algorithms:
90.875
Top 2 students in Algorithms:
101
Alice
95.5
103
Charlie
92.5
Sorted Databases students:
202
Frank
85.5
201
Eve
90.0
203
Grace
93.0
Access specific student:
102
Bob
87.0
