Creating singleton instances:
Int singleton value:
42
Is initialized:
true
Updated value:
100
String singleton value:
default
Updated string value:
updated
Instance count:
2
Creating Config instances:
MaxConnections
10
After update:
MaxConnections
20
EnableLogging
true
After toggle:
EnableLogging
false
Timeout
30.5
Another singleton:
false
Final instance count:
3
