=== Combo 13: Abstract + Async + Generic Constraint + Error ===
--- Email processing ---
Sent to: user@example.com
Validation failed [EmailProcessor]: Invalid email: too short
--- SMS processing ---
SMS to: 1234567890
Validation failed [SMSProcessor]: Phone too short: 3 digits
--- Processor names ---
EmailProcessor
SMSProcessor
=== Combo 13 Complete ===
