Test 1: Recursive traversal with casting
BSN: 5 (color: black)
BSN: 10 (color: red)
AVL: 15 (height: 2)
Test 2: Recursive sum with conditional casting
Total sum with doubling red: 40
Total sum regular: 30
Test 3: Recursive depth with type-specific logic
Tree depth: 3
Test 4: Recursive search with casting
Found 5 as BinarySearchNode
Search 5 result: true
Found 15 as AVLNode
Search 15 result: true
Search 99 result: false
Test 5: Mutually recursive with casting
Even node: 10
Odd node: 5
Odd AVL: 15 (height: 2)
Processed count: 3
Test 6: Tail-recursive with accumulator
Tail recursive collected: 130
All recursive casting tests completed
