=== Polymorphic Exception Test ===
Processing user: Base1
Serialized: BaseEntity(1, Base1)
Processing user: Alice
Validation passed for: Alice
Serialized: User(2, Alice, alice@example.com)
Processing user: Bob
Validation error: Invalid email: empty
Serialized: User(3, Bob, )
Processing user: Charlie
User is admin with permissions
Admin has write permission
Validation passed for: Charlie
Serialized: Admin(4, Charlie, [read,write])
Successfully processed: 3 entities

=== Test Inactive User ===
Validation error: User is inactive
Serialized: User(5, Dave, dave@example.com)

=== Test Admin Without Permissions ===
Validation error: Admin must have permissions
Serialized: Admin(6, Eve, [])

=== All tests completed ===
