Test 1: Simple if/else with casting
Circle area: 78.5
Test 2: Multiple if/else branches
Circle - area: 28.26
Rectangle - area: 20, perimeter: 18
Sphere - volume: 33.44
Test 3: Nested conditionals with casting
Is a shape with 2 dimensions
2D shape detected
Wide rectangle: width = 10
Test 4: Casting in conditional expressions
Small circle
Test 5: Multiple casts in compound condition
At least one shape meets size criteria
Test 6: Conditional return with casting
Large circle
Small rectangle
Test 7: Complex else-if chain
Wide rectangle: perimeter = 46
All conditional casting tests completed
