Test 1: Simple recursive type checking
factorial(5) = 120
factorial(7) = 5040

Test 2: Recursive with multiple parameters
gcd(48, 18) = 6
gcd(100, 35) = 5

Test 3: Recursive with string types
repeat('A', 5) = AAAAA
repeat('Hi', 3) = HiHiHi

Test 4: Recursive with class types
List sum: 100
List count: 4

Test 5: Mutual recursion
isEven(4): true
isOdd(4): false
isEven(7): false
isOdd(7): true

Test 6: Recursive with arrays
Array sum: 104
Array max: 42

Test 7: Recursive with complex conditionals
Tree sum: 40
Tree count: 5

Test 8: Fibonacci sequence
fib(0) = 0
fib(1) = 1
fib(6) = 8
fib(8) = 21

Recursion type checking tests completed
