=== Real World Scenario Test ===
Simulating data processing pipeline...

--- Step 1: Data Loading ---
Loading 8 records...
Load error: Failed to load record 4
Loaded 8 records

--- Step 2: Pipeline Setup ---

--- Step 3: Pipeline Processing ---

=== Processing Pipeline Started ===
Validating record 0...
Transforming record 0...
Successfully processed: ProcessedRecord(0, DATA_0, 50ms)
Validating record 1...
Transforming record 1...
Successfully processed: ProcessedRecord(1, DATA_1, 50ms)
Validating record 2...
Transforming record 2...
Successfully processed: ProcessedRecord(2, DATA_2, 50ms)
Validating record 3...
Transforming record 3...
Successfully processed: ProcessedRecord(3, DATA_3, 50ms)
Validating record 4...
Validation failed for record 4: Content too short: 0
Validating record 5...
Transforming record 5...
Successfully processed: ProcessedRecord(5, DATA_5, 50ms)
Validating record 6...
Transforming record 6...
Successfully processed: ProcessedRecord(6, DATA_6, 50ms)
Validating record 7...
Transforming record 7...
Successfully processed: ProcessedRecord(7, DATA_7, 50ms)
=== Pipeline Completed ===
Success: 7, Errors: 1

--- Step 4: Results Analysis ---

=== Results Analysis ===
Total records: 7
Average processing time: 50ms
Min processing time: 50ms
Max processing time: 50ms

--- Step 5: Retry Mechanism ---

=== Retry Failed Records ===
Retrying record 4
  Retry attempt 1 failed: Content too short: 0
  Retry attempt 2 failed: Content too short: 0
  All retry attempts exhausted for record 4
Successfully retried: 0 records

--- Step 6: Final Statistics ---
Pipeline Stats - Success: 7, Errors: 1

--- Step 7: Type Safety Checks ---
Record 0 is valid: true
  Successful downcast, content: DATA_0
Record 1 is valid: true
  Successful downcast, content: DATA_1
Record 2 is valid: true
  Successful downcast, content: DATA_2
  ... (showing first 3 records)

=== All tests completed ===
