Test 1: Type narrowing with null checks
Container is empty
Container value: 42

Test 2: Type narrowing in conditionals
Negative: -5
Zero
Positive: 10

Test 3: Type narrowing with boolean logic
Holder1 is valid and > 25: 50
Holder2 is invalid or negative

Test 4: Type narrowing in loops
Container[0]: Even0
Container[1]: empty
Container[2]: Even2

Test 5: Type narrowing with early returns
Out of range
At minimum
In range
At maximum
Out of range

Test 6: Type narrowing with ternary
classify(10): positive
classify(-5): negative
classify(0): zero

Type narrowing tests completed
