Manager 0: Resource Secondary0 [2] | Resource Primary0 [1] | Manager 1: Resource Primary1 [1] | Resource Secondary1 [2] | Manager 2: Resource Secondary2 [2] | Resource Primary2 [1] | Manager 3: Resource Primary3 [1] | Resource Secondary3 [2] | Manager 4: Resource Secondary4 [2] | Resource Primary4 [1] | 
10