Testing static generic methods with serialization...
String set size: 3
Contains alpha: true
Int set size: 3
Contains 20: true
Processed map size: 3
Contains third: true
Third value: 300
Mixed list size: 2
First item: Type1: text
Second item: Type2: 42
Added new item (should be 1): 1
Added duplicate item (should be 0): 0
Transformed map size: 3
Contains item_0: true
Chained operation result size: 3
Static generic methods serialization test completed successfully