Test 1: Switch inside for loop
For loop iteration 1
For loop iteration 2
For loop iteration 3
For loop default case
Test 2: Switch inside while loop
While loop count 1
While loop count 2
While loop count 3
Test 3: Nested loops with switch
Outer loop:
  Inner case 1
  Inner case 2
  Inner case 3
Outer loop:
  Inner case 1
  Inner case 2
  Inner case 3
Test 4: Switch with break affecting loop
Case 1 - continuing loop
End of loop iteration
Case 2 - continuing loop
End of loop iteration
Case 3 - would break loop
End of loop iteration
Case 4 - continuing loop
End of loop iteration
Default case
End of loop iteration
Test 5: Switch inside do-while style loop
Do-while iteration 1
Do-while iteration 2
Do-while iteration 3 - breaking loop
Test 6: Multiple switches in same loop
First switch - case 1
Second switch - case 2
First switch - case 2
Second switch - case 4
Test 7: Switch controlling loop flow
Processing value 1
Processed value: 1
Processing value 2
Processed value: 2
Skipping value 3
Skipped value: 3
Processing value 4
Processed value: 4
Final value 5
Processed value: 5
Test 8: Deeply nested structure
Level 1, Case 1
  Level 2, Case 1
  Level 2, Case 2
Level 1, Case 2
All nested switch tests completed