Starting Error Handling Tests...
=== Testing Type Error Handling ===
Valid object creation: TestClass(42)
Null object assignment successful
Null check working properly
=== Testing Array Error Handling ===
Valid array operations:
  array[0] = 10
  array[4] = 50
  array length = 5
2D array access: matrix[1][1] = 99
=== Testing Generic Type Error Handling ===
Valid generic operations:
  Container(123)
  Container(test)
Retrieved values:
  value: 123
  text: test
=== Testing Method Error Handling ===
Addition result: 30
Division result: 5
Division by zero detected!
Division by zero result: 0
=== Testing Complex Error Scenarios ===
Person group operations:
  Group size: 3
  [0] = Alice(25)
  [1] = Bob(30)
  [2] = Charlie(35)
Group is full, cannot add more members
Invalid index: 99
Properly handled invalid index access
Error handling tests completed!