Testing float edge values in arrays
Created float array with length: 6
edgeValues[0] = 0
edgeValues[1] = 3.14159
edgeValues[2] = -2.71828
edgeValues[3] = 1e+15
edgeValues[4] = -1e+15
edgeValues[5] = 1e-13
Testing comparisons:
Is edgeValues[0] zero? true
Is edgeValues[3] > 1000? true
Is edgeValues[4] < -1000? true
Operations with edge values:
results[0] = 0.423311
results[1] = 6.28319
results[2] = -1.35914
Float edge values test completed
