Testing dynamic array resizing
Original array (size 3):
  original[0] = 10
  original[1] = 20
  original[2] = 30
Resized array (size 5):
  resized[0] = 10
  resized[1] = 20
  resized[2] = 30
  resized[3] = 40
  resized[4] = 50
Shrunk array (size 2):
  shrunk[0] = 10
  shrunk[1] = 20
Dynamic resize test completed
