=== Phase 6: Array Optimization Verification ===

--- Threshold Verification ---
Small Array (15 elements) [10]: 10
Large Array (16 elements) [10]: 20
Huge Array (1000 elements) [500]: 500
Threshold tests passed!

--- SIMD Optimization: Primitives ---
Int Array Sum: 3675
Float Array Sum: 1837.5
Bool Array True Count: 17
SIMD primitive tests passed!

--- StringPool Optimization: Strings ---
Red Color Count (StringPool): 8
StringPool tests passed!

--- SoA Optimization: Object Arrays ---
Total Age (SoA): 1185
Total Salary (SoA): 1.935e+06
Active Employees (SoA): 15
SoA object tests passed!

--- Multi-Dimensional Arrays ---
2D Int Matrix [3][2]: 32
2D String Matrix [2][3]: Cell
2D Vector [3][2] X: 3
3D Int Cube [2][1][2]: 23
3D Employee Cube [1][2][1] ID: 2016
Multi-dimensional tests passed!

--- Mixed Workload Test ---
Mixed Int [10]: 10
Mixed Float [10]: 20
Mixed Bool [10]: true
Mixed String [10]: Item10
Mixed Employee [10] ID: 3010
Mixed workload tests passed!

--- Performance-Critical Patterns ---
Sequential Sum (SIMD): 4950
Position X Sum (SoA): 1225
Position Y Sum (SoA): 2450
Position Z Sum (SoA): 3675
Category A Count (StringPool): 20
Performance patterns tests passed!

=== Optimization Verification Complete ===

All optimization modes verified:
  [✓] SIMD for int/float/bool arrays (size >= 16)
  [✓] StringPool for string arrays (size >= 16)
  [✓] SoA for object arrays (size >= 16)
  [✓] FlatMultiObjectArray for multi-dimensional objects
  [✓] Threshold-based optimization selection
  [✓] Multi-dimensional array optimizations (2D, 3D)
  [✓] Mixed workload handling
  [✓] Performance-critical access patterns

Phase 6: Integration & Polish - COMPLETE!
