Person[0] ID: 1000
Person[0] Name: Person0
Person[5] Age: 25
Person[10] Salary: 60000.0
Average Age: 29.5
Point[10] X: 100
Point[10] Y: 200
Small Person[5] ID: 5
PeopleGrid[2][3] ID: 2013
PeopleGrid[2][3] Name: Grid13
PeopleGrid[2][3] Age: 38
PointsGrid[3][2] X: 320
PointsGrid[3][2] Y: 640
Total Salary (2D Grid): 1195000.0
PointsCube[1][2][1] X: 16
PointsCube[1][2][1] Y: 160
PeopleCube[1][1][2] ID: 3018
PeopleCube[1][1][2] Name: Cube18
PeopleCube[1][1][2] Age: 48
People Over 40 Count (3D): 13
LargePeople[50] ID: 5050
LargePeople[50] Age: 35
LargePeople[99] Name: Large99
Active Particles Count: 25
Average X Position: 24.5
SoA Object Arrays Test Completed!
