Class name: Person
Is abstract: false
Is final: false
Number of declared fields: 3
  Field: name type=String static=false
  Field: age type=int static=false
  Field: count type=int static=true
Number of declared methods: 4
  Method: getName params=0 static=false
  Method: setName params=1 static=false
  Method: secretMethod params=0 static=false
  Method: getCount params=0 static=true
Static count: 0
PUBLIC + STATIC = 9
Is public: true
Is static: true
Is private: false
Test passed
